[2026-04-06 22:16:27 IST] Cycle #1 — Think task: 1
  📊 Market Intelligence Pulse...
  📅 Date check: 04-06
  📅 No major festival in immediate window
  ✓ Cycle #1 complete

[2026-04-06 22:20:01 IST] Cycle #2 — Think task: 2
  🤖 AI/Tech Intelligence Scan...
  ✓ Cycle #2 complete

[2026-04-06 22:30:01 IST] Cycle #3 — Think task: 3
  🧹 Memory Distillation...
  💾 Memory used: 532K
  ✓ Cycle #3 complete

[2026-04-06 22:40:01 IST] Cycle #4 — Think task: 4
  💼 R Company Business Pulse...
  📅 Current month: April
  🎯 Season relevance:
     Summer slow → content building time
  ✓ Cycle #4 complete

[2026-04-06 22:50:01 IST] Cycle #5 — Think task: 5
  📦 GitHub Sync...
  ✅ Synced 11 changes to GitHub
  ✓ Cycle #5 complete

[2026-04-06 23:00:01 IST] Cycle #6 — Think task: 6
  🤫 Quiet thinking cycle — system running, all nominal
  ✓ Cycle #6 complete

[2026-04-06 23:10:01 IST] Cycle #7 — Think task: 7
  🤫 Quiet thinking cycle — system running, all nominal
  ✓ Cycle #7 complete

[2026-04-06 23:20:01 IST] Cycle #8 — Think task: 8
  🤫 Quiet thinking cycle — system running, all nominal
  ✓ Cycle #8 complete

[2026-04-06 23:30:01 IST] Cycle #9 — Think task: 9
  🤫 Quiet thinking cycle — system running, all nominal
  ✓ Cycle #9 complete

[2026-04-06 23:40:01 IST] Cycle #10 — Think task: 0
  🧠 Self-Reflection: Reviewing own identity files...
  ✅ AUTONOMOUS-MIND.md exists — personality engine active
  📚 Recent memory files (last 24h): 11
  📊 Total thinking cycles completed: 47
  🔧 OpenClaw version: unknown
  ✓ Cycle #10 complete

[2026-04-06 23:50:01 IST] Cycle #11 — Think task: 1
  📊 Market Intelligence Pulse...
  📅 Date check: 04-06
  📅 No major festival in immediate window
  ✓ Cycle #11 complete

[2026-04-07 00:00:01 IST] Cycle #12 — Think task: 2
  🤖 AI/Tech Intelligence Scan...
  ✓ Cycle #12 complete

[2026-04-07 00:10:01 IST] Cycle #13 — Think task: 3
  🧹 Memory Distillation...
  💾 Memory used: 560K
  ✓ Cycle #13 complete

[2026-04-07 00:20:01 IST] Cycle #14 — Think task: 4
  💼 R Company Business Pulse...
  📅 Current month: April
  🎯 Season relevance:
     Summer slow → content building time
  ✓ Cycle #14 complete

[2026-04-07 00:30:01 IST] Cycle #15 — Think task: 5
  📦 GitHub Sync...
