[2026-04-07 05:30 AM IST] [ALERT] Competitor alert sent
[2026-04-07 05:31 AM IST] [TASK] Content ideation scan...
[2026-04-07 05:31 AM IST] [ALERT] Content idea sent
[2026-04-07 05:31 AM IST] [TASK] Strategic insight scan...
[2026-04-07 05:31 AM IST] [ALERT] Business insight sent
[2026-04-07 05:31 AM IST] [TASK] Market Intelligence scan starting...
[2026-04-07 05:31 AM IST] [ALERT] Market intelligence alert sent
[2026-04-07 05:33 AM IST] [TASK] Market Intelligence scan starting...
[2026-04-07 05:33 AM IST] [TASK] Market update — cooldown active, skipped alert
[2026-04-07 05:34 AM IST] [TASK] Content ideation scan...
[2026-04-07 05:34 AM IST] [TASK] Competitor watch scan...
[2026-04-07 05:36 AM IST] [TASK] Market Intelligence scan starting...
[2026-04-07 05:36 AM IST] [TASK] Market update — cooldown active, skipped alert
[2026-04-07 05:37 AM IST] [TASK] Strategic insight scan...
[2026-04-07 05:37 AM IST] [TASK] Content ideation scan...
[2026-04-07 05:38 AM IST] [TASK] Market Intelligence scan starting...
[2026-04-07 05:38 AM IST] [TASK] Market update — cooldown active, skipped alert
[2026-04-07 05:38 AM IST] [TASK] Competitor watch scan...
[2026-04-07 05:40 AM IST] [TASK] Market Intelligence scan starting...
[2026-04-07 05:40 AM IST] [TASK] Market update — cooldown active, skipped alert
[2026-04-07 05:41 AM IST] [TASK] Content ideation scan...
[2026-04-07 05:42 AM IST] [TASK] Market Intelligence scan starting...
[2026-04-07 05:42 AM IST] [TASK] Market update — cooldown active, skipped alert
[2026-04-07 05:43 AM IST] [TASK] Competitor watch scan...
[2026-04-07 05:43 AM IST] [TASK] Strategic insight scan...
[2026-04-07 05:44 AM IST] [TASK] Content ideation scan...
[2026-04-07 05:44 AM IST] [TASK] Market Intelligence scan starting...
[2026-04-07 05:45 AM IST] [TASK] Market update — cooldown active, skipped alert
[2026-04-07 05:47 AM IST] [TASK] Market Intelligence scan starting...
[2026-04-07 05:47 AM IST] [TASK] Market update — cooldown active, skipped alert
[2026-04-07 05:47 AM IST] [TASK] Content ideation scan...
[2026-04-07 05:47 AM IST] [TASK] Competitor watch scan...
[2026-04-07 05:49 AM IST] [TASK] Market Intelligence scan starting...
[2026-04-07 05:49 AM IST] [TASK] Market update — cooldown active, skipped alert
[2026-04-07 05:49 AM IST] [TASK] Strategic insight scan...
[2026-04-07 05:50 AM IST] [TASK] Content ideation scan...
[2026-04-07 05:51 AM IST] [TASK] Market Intelligence scan starting...
[2026-04-07 05:51 AM IST] [TASK] Market update — cooldown active, skipped alert
[2026-04-07 05:52 AM IST] [TASK] Competitor watch scan...
[2026-04-07 05:53 AM IST] [TASK] Market Intelligence scan starting...
[2026-04-07 05:53 AM IST] [TASK] Market update — cooldown active, skipped alert
[2026-04-07 05:54 AM IST] [TASK] Content ideation scan...
[2026-04-07 05:55 AM IST] [TASK] Market Intelligence scan starting...
[2026-04-07 05:55 AM IST] [TASK] Market update — cooldown active, skipped alert
[2026-04-07 05:55 AM IST] [TASK] Strategic insight scan...
[2026-04-07 05:56 AM IST] [TASK] Competitor watch scan...
[2026-04-07 05:57 AM IST] [TASK] Content ideation scan...
[2026-04-07 05:58 AM IST] [TASK] Market Intelligence scan starting...
[2026-04-07 05:58 AM IST] [TASK] Market update — cooldown active, skipped alert
[2026-04-07 06:00 AM IST] [TASK] Market Intelligence scan starting...
[2026-04-07 06:00 AM IST] [TASK] Market update — cooldown active, skipped alert
[2026-04-07 06:00 AM IST] [TASK] Content ideation scan...
[2026-04-07 06:00 AM IST] [TASK] Competitor watch scan...
[2026-04-07 06:01 AM IST] [TASK] Strategic insight scan...
[2026-04-07 06:02 AM IST] [TASK] Market Intelligence scan starting...
[2026-04-07 06:02 AM IST] [TASK] Market update — cooldown active, skipped alert
[2026-04-07 06:04 AM IST] [TASK] Content ideation scan...
[2026-04-07 06:04 AM IST] [TASK] Market Intelligence scan starting...
[2026-04-07 06:04 AM IST] [TASK] Market update — cooldown active, skipped alert
[2026-04-07 06:05 AM IST] [TASK] Competitor watch scan...
[2026-04-07 06:06 AM IST] [TASK] Market Intelligence scan starting...
[2026-04-07 06:06 AM IST] [TASK] Market update — cooldown active, skipped alert
[2026-04-07 06:07 AM IST] [TASK] Content ideation scan...
[2026-04-07 06:08 AM IST] [TASK] Strategic insight scan...
[2026-04-07 06:08 AM IST] [TASK] Market Intelligence scan starting...
[2026-04-07 06:09 AM IST] [TASK] Market update — cooldown active, skipped alert
[2026-04-07 06:09 AM IST] [TASK] Competitor watch scan...
[2026-04-07 06:10 AM IST] [TASK] Content ideation scan...
[2026-04-07 06:11 AM IST] [TASK] Market Intelligence scan starting...
[2026-04-07 06:11 AM IST] [TASK] Market update — cooldown active, skipped alert
[2026-04-07 06:13 AM IST] [TASK] Market Intelligence scan starting...
[2026-04-07 06:13 AM IST] [TASK] Market update — cooldown active, skipped alert
[2026-04-07 06:13 AM IST] [TASK] Content ideation scan...
[2026-04-07 06:13 AM IST] [TASK] Competitor watch scan...
[2026-04-07 06:14 AM IST] [TASK] Strategic insight scan...
[2026-04-07 06:15 AM IST] [TASK] Market Intelligence scan starting...
[2026-04-07 06:15 AM IST] [TASK] Market update — cooldown active, skipped alert
[2026-04-07 06:17 AM IST] [TASK] Content ideation scan...
[2026-04-07 06:17 AM IST] [TASK] Market Intelligence scan starting...
[2026-04-07 06:17 AM IST] [TASK] Market update — cooldown active, skipped alert
[2026-04-07 06:18 AM IST] [TASK] Competitor watch scan...
[2026-04-07 06:19 AM IST] [TASK] Market Intelligence scan starting...
[2026-04-07 06:19 AM IST] [TASK] Market update — cooldown active, skipped alert
[2026-04-07 06:20 AM IST] [TASK] Content ideation scan...
[2026-04-07 06:21 AM IST] [TASK] Strategic insight scan...
[2026-04-07 06:22 AM IST] [TASK] Market Intelligence scan starting...
[2026-04-07 06:22 AM IST] [TASK] Market update — cooldown active, skipped alert
[2026-04-07 06:22 AM IST] [TASK] Competitor watch scan...
[2026-04-07 06:23 AM IST] [TASK] Content ideation scan...
[2026-04-07 06:24 AM IST] [TASK] Market Intelligence scan starting...
[2026-04-07 06:24 AM IST] [TASK] Market update — cooldown active, skipped alert
[2026-04-07 06:26 AM IST] [TASK] Market Intelligence scan starting...
[2026-04-07 06:26 AM IST] [TASK] Market update — cooldown active, skipped alert
[2026-04-07 06:26 AM IST] [TASK] Content ideation scan...
[2026-04-07 06:27 AM IST] [TASK] Competitor watch scan...
[2026-04-07 06:27 AM IST] [TASK] Strategic insight scan...
[2026-04-07 06:28 AM IST] [TASK] Market Intelligence scan starting...
[2026-04-07 06:28 AM IST] [TASK] Market update — cooldown active, skipped alert
[2026-04-07 06:30 AM IST] [TASK] Content ideation scan...
[2026-04-07 06:30 AM IST] [TASK] Market Intelligence scan starting...
[2026-04-07 06:30 AM IST] [ALERT] Market intelligence alert sent
[2026-04-07 06:31 AM IST] [TASK] Competitor watch scan...
[2026-04-07 06:31 AM IST] [ALERT] Competitor alert sent
[2026-04-07 06:33 AM IST] [TASK] Market Intelligence scan starting...
[2026-04-07 06:33 AM IST] [TASK] Market update — cooldown active, skipped alert
[2026-04-07 06:33 AM IST] [TASK] Content ideation scan...
[2026-04-07 06:34 AM IST] [TASK] Strategic insight scan...
[2026-04-07 06:35 AM IST] [TASK] Market Intelligence scan starting...
[2026-04-07 06:35 AM IST] [TASK] Market update — cooldown active, skipped alert
[2026-04-07 06:35 AM IST] [TASK] Competitor watch scan...
[2026-04-07 06:36 AM IST] [TASK] Content ideation scan...
[2026-04-07 06:37 AM IST] [TASK] Market Intelligence scan starting...
[2026-04-07 06:37 AM IST] [TASK] Market update — cooldown active, skipped alert
[2026-04-07 06:39 AM IST] [TASK] Market Intelligence scan starting...
[2026-04-07 06:39 AM IST] [TASK] Market update — cooldown active, skipped alert
[2026-04-07 06:40 AM IST] [TASK] Content ideation scan...
[2026-04-07 06:40 AM IST] [TASK] Competitor watch scan...
[2026-04-07 06:40 AM IST] [TASK] Strategic insight scan...
[2026-04-07 06:41 AM IST] [TASK] Market Intelligence scan starting...
[2026-04-07 06:41 AM IST] [TASK] Market update — cooldown active, skipped alert
[2026-04-07 06:43 AM IST] [TASK] Content ideation scan...
[2026-04-07 06:44 AM IST] [TASK] Market Intelligence scan starting...
[2026-04-07 06:44 AM IST] [TASK] Market update — cooldown active, skipped alert
[2026-04-07 06:44 AM IST] [TASK] Competitor watch scan...
[2026-04-07 06:46 AM IST] [TASK] Market Intelligence scan starting...
[2026-04-07 06:46 AM IST] [TASK] Market update — cooldown active, skipped alert
[2026-04-07 06:46 AM IST] [TASK] Content ideation scan...
[2026-04-07 06:47 AM IST] [TASK] Strategic insight scan...
[2026-04-07 06:48 AM IST] [TASK] Market Intelligence scan starting...
[2026-04-07 06:48 AM IST] [TASK] Market update — cooldown active, skipped alert
[2026-04-07 06:48 AM IST] [TASK] Competitor watch scan...
[2026-04-07 06:50 AM IST] [TASK] Content ideation scan...
[2026-04-07 06:50 AM IST] [TASK] Market Intelligence scan starting...
[2026-04-07 06:50 AM IST] [TASK] Market update — cooldown active, skipped alert
[2026-04-07 06:52 AM IST] [TASK] Market Intelligence scan starting...
[2026-04-07 06:52 AM IST] [TASK] Market update — cooldown active, skipped alert
[2026-04-07 06:53 AM IST] [TASK] Content ideation scan...
[2026-04-07 06:53 AM IST] [TASK] Competitor watch scan...
[2026-04-07 06:53 AM IST] [TASK] Strategic insight scan...
[2026-04-07 06:55 AM IST] [TASK] Market Intelligence scan starting...
[2026-04-07 06:55 AM IST] [TASK] Market update — cooldown active, skipped alert
[2026-04-07 06:56 AM IST] [TASK] Content ideation scan...
[2026-04-07 06:57 AM IST] [TASK] Market Intelligence scan starting...
[2026-04-07 06:57 AM IST] [TASK] Market update — cooldown active, skipped alert
[2026-04-07 06:57 AM IST] [TASK] Competitor watch scan...
[2026-04-07 06:59 AM IST] [TASK] Market Intelligence scan starting...
[2026-04-07 06:59 AM IST] [TASK] Market update — cooldown active, skipped alert
[2026-04-07 06:59 AM IST] [TASK] Content ideation scan...
[2026-04-07 07:00 AM IST] [TASK] Strategic insight scan...
[2026-04-07 07:01 AM IST] [TASK] Market Intelligence scan starting...
[2026-04-07 07:01 AM IST] [TASK] Market update — cooldown active, skipped alert
[2026-04-07 07:02 AM IST] [TASK] Competitor watch scan...
[2026-04-07 07:03 AM IST] [TASK] Content ideation scan...
[2026-04-07 07:03 AM IST] [TASK] Market Intelligence scan starting...
[2026-04-07 07:03 AM IST] [TASK] Market update — cooldown active, skipped alert
[2026-04-07 07:05 AM IST] [TASK] Market Intelligence scan starting...
[2026-04-07 07:05 AM IST] [TASK] Market update — cooldown active, skipped alert
[2026-04-07 07:06 AM IST] [TASK] Content ideation scan...
[2026-04-07 07:06 AM IST] [TASK] Competitor watch scan...
[2026-04-07 07:07 AM IST] [TASK] Strategic insight scan...
[2026-04-07 07:08 AM IST] [TASK] Market Intelligence scan starting...
[2026-04-07 07:08 AM IST] [TASK] Market update — cooldown active, skipped alert
[2026-04-07 07:09 AM IST] [TASK] Content ideation scan...
[2026-04-07 07:10 AM IST] [TASK] Market Intelligence scan starting...
[2026-04-07 07:10 AM IST] [TASK] Market update — cooldown active, skipped alert
[2026-04-07 07:10 AM IST] [TASK] Competitor watch scan...
[2026-04-07 07:12 AM IST] [TASK] Market Intelligence scan starting...
[2026-04-07 07:12 AM IST] [TASK] Market update — cooldown active, skipped alert
[2026-04-07 07:12 AM IST] [TASK] Content ideation scan...
[2026-04-07 07:13 AM IST] [TASK] Strategic insight scan...
[2026-04-07 07:14 AM IST] [TASK] Market Intelligence scan starting...
[2026-04-07 07:14 AM IST] [TASK] Market update — cooldown active, skipped alert
[2026-04-07 07:15 AM IST] [TASK] Competitor watch scan...
[2026-04-07 07:16 AM IST] [TASK] Content ideation scan...
[2026-04-07 07:16 AM IST] [TASK] Market Intelligence scan starting...
[2026-04-07 07:16 AM IST] [TASK] Market update — cooldown active, skipped alert
[2026-04-07 07:18 AM IST] [TASK] Market Intelligence scan starting...
[2026-04-07 07:19 AM IST] [TASK] Market update — cooldown active, skipped alert
[2026-04-07 07:19 AM IST] [TASK] Content ideation scan...
[2026-04-07 07:19 AM IST] [TASK] Competitor watch scan...
[2026-04-07 07:20 AM IST] [TASK] Strategic insight scan...
[2026-04-07 07:21 AM IST] [TASK] Market Intelligence scan starting...
[2026-04-07 07:21 AM IST] [TASK] Market update — cooldown active, skipped alert
[2026-04-07 07:22 AM IST] [TASK] Content ideation scan...
[2026-04-07 07:23 AM IST] [TASK] Market Intelligence scan starting...
[2026-04-07 07:23 AM IST] [TASK] Market update — cooldown active, skipped alert
[2026-04-07 07:23 AM IST] [TASK] Competitor watch scan...
[2026-04-07 07:25 AM IST] [TASK] Market Intelligence scan starting...
[2026-04-07 07:25 AM IST] [TASK] Market update — cooldown active, skipped alert
[2026-04-07 07:26 AM IST] [TASK] Content ideation scan...
[2026-04-07 07:26 AM IST] [TASK] Strategic insight scan...
[2026-04-07 07:27 AM IST] [TASK] Market Intelligence scan starting...
[2026-04-07 07:27 AM IST] [TASK] Market update — cooldown active, skipped alert
[2026-04-07 07:28 AM IST] [TASK] Competitor watch scan...
[2026-04-07 07:29 AM IST] [TASK] Content ideation scan...
[2026-04-07 07:30 AM IST] [TASK] Market Intelligence scan starting...
[2026-04-07 07:30 AM IST] [ALERT] Market intelligence alert sent
[2026-04-07 07:32 AM IST] [TASK] Market Intelligence scan starting...
[2026-04-07 07:32 AM IST] [TASK] Market update — cooldown active, skipped alert
[2026-04-07 07:32 AM IST] [TASK] Content ideation scan...
[2026-04-07 07:32 AM IST] [TASK] Competitor watch scan...
[2026-04-07 07:32 AM IST] [ALERT] Competitor alert sent
[2026-04-07 07:33 AM IST] [TASK] Strategic insight scan...
[2026-04-07 07:34 AM IST] [TASK] Market Intelligence scan starting...
[2026-04-07 07:34 AM IST] [TASK] Market update — cooldown active, skipped alert
[2026-04-07 07:36 AM IST] [TASK] Content ideation scan...
[2026-04-07 07:36 AM IST] [TASK] Market Intelligence scan starting...
[2026-04-07 07:36 AM IST] [TASK] Market update — cooldown active, skipped alert
[2026-04-07 07:36 AM IST] [TASK] Competitor watch scan...
[2026-04-07 07:38 AM IST] [TASK] Market Intelligence scan starting...
[2026-04-07 07:39 AM IST] [TASK] Market update — cooldown active, skipped alert
[2026-04-07 07:39 AM IST] [TASK] Content ideation scan...
[2026-04-07 07:39 AM IST] [TASK] Strategic insight scan...
[2026-04-07 07:41 AM IST] [TASK] Market Intelligence scan starting...
[2026-04-07 07:41 AM IST] [TASK] Market update — cooldown active, skipped alert
[2026-04-07 07:41 AM IST] [TASK] Competitor watch scan...
[2026-04-07 07:42 AM IST] [TASK] Content ideation scan...
[2026-04-07 07:43 AM IST] [TASK] Market Intelligence scan starting...
[2026-04-07 07:43 AM IST] [TASK] Market update — cooldown active, skipped alert
[2026-04-07 07:45 AM IST] [TASK] Market Intelligence scan starting...
[2026-04-07 07:45 AM IST] [TASK] Market update — cooldown active, skipped alert
[2026-04-07 07:45 AM IST] [TASK] Competitor watch scan...
[2026-04-07 07:45 AM IST] [TASK] Strategic insight scan...
[2026-04-07 07:46 AM IST] [TASK] Content ideation scan...
[2026-04-07 07:47 AM IST] [TASK] Market Intelligence scan starting...
[2026-04-07 07:47 AM IST] [TASK] Market update — cooldown active, skipped alert
[2026-04-07 07:49 AM IST] [TASK] Content ideation scan...
[2026-04-07 07:50 AM IST] [TASK] Market Intelligence scan starting...
[2026-04-07 07:50 AM IST] [TASK] Market update — cooldown active, skipped alert
[2026-04-07 07:50 AM IST] [TASK] Competitor watch scan...
[2026-04-07 07:51 AM IST] [TASK] Strategic insight scan...
[2026-04-07 07:52 AM IST] [TASK] Market Intelligence scan starting...
[2026-04-07 07:52 AM IST] [TASK] Market update — cooldown active, skipped alert
[2026-04-07 07:52 AM IST] [TASK] Content ideation scan...
[2026-04-07 07:54 AM IST] [TASK] Market Intelligence scan starting...
[2026-04-07 07:54 AM IST] [TASK] Market update — cooldown active, skipped alert
[2026-04-07 07:54 AM IST] [TASK] Competitor watch scan...
[2026-04-07 07:56 AM IST] [TASK] Content ideation scan...
[2026-04-07 07:56 AM IST] [TASK] Market Intelligence scan starting...
[2026-04-07 07:56 AM IST] [TASK] Market update — cooldown active, skipped alert
[2026-04-07 07:57 AM IST] [TASK] Strategic insight scan...
[2026-04-07 07:58 AM IST] [TASK] Market Intelligence scan starting...
[2026-04-07 07:58 AM IST] [TASK] Market update — cooldown active, skipped alert
[2026-04-07 07:58 AM IST] [TASK] Competitor watch scan...
[2026-04-07 07:59 AM IST] [TASK] Content ideation scan...
[2026-04-07 08:01 AM IST] [TASK] Market Intelligence scan starting...
[2026-04-07 08:01 AM IST] [TASK] Market update — cooldown active, skipped alert
[2026-04-07 08:02 AM IST] [TASK] Content ideation scan...
[2026-04-07 08:03 AM IST] [TASK] Market Intelligence scan starting...
[2026-04-07 08:03 AM IST] [TASK] Market update — cooldown active, skipped alert
[2026-04-07 08:03 AM IST] [TASK] Competitor watch scan...
[2026-04-07 08:03 AM IST] [TASK] Strategic insight scan...
[2026-04-07 08:05 AM IST] [TASK] Market Intelligence scan starting...
[2026-04-07 08:05 AM IST] [TASK] Market update — cooldown active, skipped alert
[2026-04-07 08:06 AM IST] [TASK] Content ideation scan...
[2026-04-07 08:07 AM IST] [TASK] Market Intelligence scan starting...
[2026-04-07 08:07 AM IST] [TASK] Market update — cooldown active, skipped alert
[2026-04-07 08:07 AM IST] [TASK] Competitor watch scan...
[2026-04-07 08:09 AM IST] [TASK] Content ideation scan...
[2026-04-07 08:09 AM IST] [TASK] Market Intelligence scan starting...
[2026-04-07 08:09 AM IST] [TASK] Market update — cooldown active, skipped alert
[2026-04-07 08:10 AM IST] [TASK] Strategic insight scan...
[2026-04-07 08:12 AM IST] [TASK] Market Intelligence scan starting...
[2026-04-07 08:12 AM IST] [TASK] Market update — cooldown active, skipped alert
[2026-04-07 08:12 AM IST] [TASK] Competitor watch scan...
[2026-04-07 08:12 AM IST] [TASK] Content ideation scan...
[2026-04-07 08:14 AM IST] [TASK] Market Intelligence scan starting...
[2026-04-07 08:14 AM IST] [TASK] Market update — cooldown active, skipped alert
[2026-04-07 08:15 AM IST] [TASK] Content ideation scan...
[2026-04-07 08:16 AM IST] [TASK] Market Intelligence scan starting...
[2026-04-07 08:16 AM IST] [TASK] Market update — cooldown active, skipped alert
[2026-04-07 08:16 AM IST] [TASK] Competitor watch scan...
[2026-04-07 08:17 AM IST] [TASK] Strategic insight scan...
[2026-04-07 08:18 AM IST] [TASK] Market Intelligence scan starting...
[2026-04-07 08:18 AM IST] [TASK] Market update — cooldown active, skipped alert
[2026-04-07 08:19 AM IST] [TASK] Content ideation scan...
[2026-04-07 08:20 AM IST] [TASK] Market Intelligence scan starting...
[2026-04-07 08:20 AM IST] [TASK] Market update — cooldown active, skipped alert
[2026-04-07 08:20 AM IST] [TASK] Competitor watch scan...
[2026-04-07 08:22 AM IST] [TASK] Content ideation scan...
[2026-04-07 08:23 AM IST] [TASK] Market Intelligence scan starting...
[2026-04-07 08:23 AM IST] [TASK] Market update — cooldown active, skipped alert
[2026-04-07 08:23 AM IST] [TASK] Strategic insight scan...
[2026-04-07 08:25 AM IST] [TASK] Market Intelligence scan starting...
[2026-04-07 08:25 AM IST] [TASK] Market update — cooldown active, skipped alert
[2026-04-07 08:25 AM IST] [TASK] Competitor watch scan...
[2026-04-07 08:25 AM IST] [TASK] Content ideation scan...
[2026-04-07 08:27 AM IST] [TASK] Market Intelligence scan starting...
[2026-04-07 08:27 AM IST] [TASK] Market update — cooldown active, skipped alert
[2026-04-07 08:28 AM IST] [TASK] Content ideation scan...
[2026-04-07 08:29 AM IST] [TASK] Market Intelligence scan starting...
[2026-04-07 08:29 AM IST] [TASK] Market update — cooldown active, skipped alert
[2026-04-07 08:29 AM IST] [TASK] Competitor watch scan...
[2026-04-07 08:30 AM IST] [TASK] Strategic insight scan...
[2026-04-07 08:31 AM IST] [TASK] Market Intelligence scan starting...
[2026-04-07 08:31 AM IST] [ALERT] Market intelligence alert sent
[2026-04-07 08:32 AM IST] [TASK] Content ideation scan...
[2026-04-07 08:33 AM IST] [TASK] Market Intelligence scan starting...
[2026-04-07 08:34 AM IST] [TASK] Market update — cooldown active, skipped alert
[2026-04-07 08:34 AM IST] [TASK] Competitor watch scan...
[2026-04-07 08:34 AM IST] [ALERT] Competitor alert sent
[2026-04-07 08:35 AM IST] [TASK] Content ideation scan...
[2026-04-07 08:36 AM IST] [TASK] Market Intelligence scan starting...
[2026-04-07 08:36 AM IST] [TASK] Market update — cooldown active, skipped alert
[2026-04-07 08:36 AM IST] [TASK] Strategic insight scan...
[2026-04-07 08:38 AM IST] [TASK] Market Intelligence scan starting...
[2026-04-07 08:38 AM IST] [TASK] Market update — cooldown active, skipped alert
[2026-04-07 08:38 AM IST] [TASK] Competitor watch scan...
[2026-04-07 08:39 AM IST] [TASK] Content ideation scan...
[2026-04-07 08:40 AM IST] [TASK] Market Intelligence scan starting...
[2026-04-07 08:40 AM IST] [TASK] Market update — cooldown active, skipped alert
[2026-04-07 08:42 AM IST] [TASK] Content ideation scan...
[2026-04-07 08:42 AM IST] [TASK] Market Intelligence scan starting...
[2026-04-07 08:42 AM IST] [TASK] Market update — cooldown active, skipped alert
[2026-04-07 08:42 AM IST] [TASK] Competitor watch scan...
[2026-04-07 08:42 AM IST] [TASK] Strategic insight scan...
[2026-04-07 08:44 AM IST] [TASK] Market Intelligence scan starting...
[2026-04-07 08:45 AM IST] [TASK] Market update — cooldown active, skipped alert
[2026-04-07 08:45 AM IST] [TASK] Content ideation scan...
[2026-04-07 08:47 AM IST] [TASK] Market Intelligence scan starting...
[2026-04-07 08:47 AM IST] [TASK] Market update — cooldown active, skipped alert
[2026-04-07 08:47 AM IST] [TASK] Competitor watch scan...
[2026-04-07 08:48 AM IST] [TASK] Content ideation scan...
[2026-04-07 08:48 AM IST] [TASK] Strategic insight scan...
[2026-04-07 08:49 AM IST] [TASK] Market Intelligence scan starting...
[2026-04-07 08:49 AM IST] [TASK] Market update — cooldown active, skipped alert
[2026-04-07 08:51 AM IST] [TASK] Market Intelligence scan starting...
[2026-04-07 08:51 AM IST] [TASK] Market update — cooldown active, skipped alert
[2026-04-07 08:51 AM IST] [TASK] Competitor watch scan...
[2026-04-07 08:52 AM IST] [TASK] Content ideation scan...
[2026-04-07 08:53 AM IST] [TASK] Market Intelligence scan starting...
[2026-04-07 08:53 AM IST] [TASK] Market update — cooldown active, skipped alert
[2026-04-07 08:54 AM IST] [TASK] Strategic insight scan...
[2026-04-07 08:55 AM IST] [TASK] Content ideation scan...
[2026-04-07 08:55 AM IST] [TASK] Market Intelligence scan starting...
[2026-04-07 08:55 AM IST] [TASK] Market update — cooldown active, skipped alert
[2026-04-07 08:55 AM IST] [TASK] Competitor watch scan...
[2026-04-07 08:58 AM IST] [TASK] Market Intelligence scan starting...
[2026-04-07 08:58 AM IST] [TASK] Market update — cooldown active, skipped alert
[2026-04-07 08:58 AM IST] [TASK] Content ideation scan...
[2026-04-07 09:00 AM IST] [TASK] Market Intelligence scan starting...
[2026-04-07 09:00 AM IST] [TASK] Market update — cooldown active, skipped alert
[2026-04-07 09:00 AM IST] [TASK] Competitor watch scan...
[2026-04-07 09:00 AM IST] [TASK] Strategic insight scan...
[2026-04-07 09:02 AM IST] [TASK] Content ideation scan...
[2026-04-07 09:02 AM IST] [TASK] Market Intelligence scan starting...
[2026-04-07 09:02 AM IST] [TASK] Market update — cooldown active, skipped alert
[2026-04-07 09:04 AM IST] [TASK] Market Intelligence scan starting...
[2026-04-07 09:04 AM IST] [TASK] Market update — cooldown active, skipped alert
[2026-04-07 09:04 AM IST] [TASK] Competitor watch scan...
[2026-04-07 09:05 AM IST] [TASK] Content ideation scan...
[2026-04-07 09:06 AM IST] [TASK] Market Intelligence scan starting...
[2026-04-07 09:06 AM IST] [TASK] Market update — cooldown active, skipped alert
[2026-04-07 09:06 AM IST] [TASK] Strategic insight scan...
[2026-04-07 09:08 AM IST] [TASK] Content ideation scan...
[2026-04-07 09:09 AM IST] [TASK] Market Intelligence scan starting...
[2026-04-07 09:09 AM IST] [TASK] Market update — cooldown active, skipped alert
[2026-04-07 09:09 AM IST] [TASK] Competitor watch scan...
[2026-04-07 09:11 AM IST] [TASK] Market Intelligence scan starting...
[2026-04-07 09:11 AM IST] [TASK] Market update — cooldown active, skipped alert
[2026-04-07 09:11 AM IST] [TASK] Content ideation scan...
[2026-04-07 09:12 AM IST] [TASK] Strategic insight scan...
[2026-04-07 09:13 AM IST] [TASK] Market Intelligence scan starting...
[2026-04-07 09:13 AM IST] [TASK] Market update — cooldown active, skipped alert
[2026-04-07 09:13 AM IST] [TASK] Competitor watch scan...
[2026-04-07 09:15 AM IST] [TASK] Content ideation scan...
[2026-04-07 09:15 AM IST] [TASK] Market Intelligence scan starting...
[2026-04-07 09:15 AM IST] [TASK] Market update — cooldown active, skipped alert
[2026-04-07 09:17 AM IST] [TASK] Market Intelligence scan starting...
[2026-04-07 09:18 AM IST] [TASK] Market update — cooldown active, skipped alert
[2026-04-07 09:18 AM IST] [TASK] Competitor watch scan...
[2026-04-07 09:18 AM IST] [TASK] Content ideation scan...
[2026-04-07 09:19 AM IST] [TASK] Strategic insight scan...
[2026-04-07 09:20 AM IST] [TASK] Market Intelligence scan starting...
[2026-04-07 09:20 AM IST] [TASK] Market update — cooldown active, skipped alert
[2026-04-07 09:21 AM IST] [TASK] Content ideation scan...
[2026-04-07 09:22 AM IST] [TASK] Market Intelligence scan starting...
[2026-04-07 09:22 AM IST] [TASK] Market update — cooldown active, skipped alert
[2026-04-07 09:22 AM IST] [TASK] Competitor watch scan...
[2026-04-07 09:24 AM IST] [TASK] Market Intelligence scan starting...
[2026-04-07 09:24 AM IST] [TASK] Market update — cooldown active, skipped alert
[2026-04-07 09:25 AM IST] [TASK] Content ideation scan...
[2026-04-07 09:25 AM IST] [TASK] Strategic insight scan...
[2026-04-07 09:26 AM IST] [TASK] Market Intelligence scan starting...
[2026-04-07 09:26 AM IST] [TASK] Market update — cooldown active, skipped alert
[2026-04-07 09:26 AM IST] [TASK] Competitor watch scan...
[2026-04-07 09:28 AM IST] [TASK] Content ideation scan...
[2026-04-07 09:29 AM IST] [TASK] Market Intelligence scan starting...
[2026-04-07 09:29 AM IST] [TASK] Market update — cooldown active, skipped alert
[2026-04-07 09:31 AM IST] [TASK] Market Intelligence scan starting...
[2026-04-07 09:31 AM IST] [ALERT] Market intelligence alert sent
[2026-04-07 09:31 AM IST] [TASK] Competitor watch scan...
[2026-04-07 09:31 AM IST] [TELEGRAM] Failed to send: HTTP Error 400: Bad Request
[2026-04-07 09:31 AM IST] [ALERT] Competitor alert sent
[2026-04-07 09:31 AM IST] [TASK] Content ideation scan...
[2026-04-07 09:31 AM IST] [TASK] Strategic insight scan...
[2026-04-07 09:33 AM IST] [TASK] Market Intelligence scan starting...
[2026-04-07 09:33 AM IST] [TASK] Market update — cooldown active, skipped alert
[2026-04-07 09:34 AM IST] [TASK] Content ideation scan...
[2026-04-07 09:35 AM IST] [TASK] Market Intelligence scan starting...
[2026-04-07 09:35 AM IST] [TASK] Market update — cooldown active, skipped alert
[2026-04-07 09:35 AM IST] [TASK] Competitor watch scan...
[2026-04-07 09:37 AM IST] [TASK] Market Intelligence scan starting...
[2026-04-07 09:37 AM IST] [TASK] Market update — cooldown active, skipped alert
[2026-04-07 09:38 AM IST] [TASK] Content ideation scan...
[2026-04-07 09:38 AM IST] [TASK] Strategic insight scan...
[2026-04-07 09:39 AM IST] [TASK] Market Intelligence scan starting...
[2026-04-07 09:39 AM IST] [TASK] Market update — cooldown active, skipped alert
[2026-04-07 09:39 AM IST] [TASK] Competitor watch scan...
[2026-04-07 09:41 AM IST] [TASK] Content ideation scan...
[2026-04-07 09:42 AM IST] [TASK] Market Intelligence scan starting...
[2026-04-07 09:42 AM IST] [TASK] Market update — cooldown active, skipped alert
[2026-04-07 09:44 AM IST] [TASK] Market Intelligence scan starting...
[2026-04-07 09:44 AM IST] [TASK] Market update — cooldown active, skipped alert
[2026-04-07 09:44 AM IST] [TASK] Competitor watch scan...
[2026-04-07 09:44 AM IST] [TASK] Content ideation scan...
[2026-04-07 09:44 AM IST] [TASK] Strategic insight scan...
[2026-04-07 09:46 AM IST] [TASK] Market Intelligence scan starting...
[2026-04-07 09:46 AM IST] [TASK] Market update — cooldown active, skipped alert
[2026-04-07 09:48 AM IST] [TASK] Content ideation scan...
[2026-04-07 09:48 AM IST] [TASK] Market Intelligence scan starting...
[2026-04-07 09:48 AM IST] [TASK] Market update — cooldown active, skipped alert
[2026-04-07 09:48 AM IST] [TASK] Competitor watch scan...
[2026-04-07 09:50 AM IST] [TASK] Market Intelligence scan starting...
[2026-04-07 09:50 AM IST] [TASK] Market update — cooldown active, skipped alert
[2026-04-07 09:51 AM IST] [TASK] Content ideation scan...
[2026-04-07 09:51 AM IST] [TASK] Strategic insight scan...
[2026-04-07 09:53 AM IST] [TASK] Market Intelligence scan starting...
[2026-04-07 09:53 AM IST] [TASK] Market update — cooldown active, skipped alert
[2026-04-07 09:53 AM IST] [TASK] Competitor watch scan...
[2026-04-07 09:54 AM IST] [TASK] Content ideation scan...
[2026-04-07 09:55 AM IST] [TASK] Market Intelligence scan starting...
[2026-04-07 09:55 AM IST] [TASK] Market update — cooldown active, skipped alert
[2026-04-07 09:57 AM IST] [TASK] Market Intelligence scan starting...
[2026-04-07 09:57 AM IST] [TASK] Market update — cooldown active, skipped alert
[2026-04-07 09:57 AM IST] [TASK] Competitor watch scan...
[2026-04-07 09:58 AM IST] [TASK] Content ideation scan...
[2026-04-07 09:58 AM IST] [TASK] Strategic insight scan...
[2026-04-07 09:59 AM IST] [TASK] Market Intelligence scan starting...
[2026-04-07 09:59 AM IST] [TASK] Market update — cooldown active, skipped alert
[2026-04-07 10:01 AM IST] [TASK] Content ideation scan...
[2026-04-07 10:02 AM IST] [TASK] Market Intelligence scan starting...
[2026-04-07 10:02 AM IST] [TASK] Market update — cooldown active, skipped alert
[2026-04-07 10:02 AM IST] [TASK] Competitor watch scan...
[2026-04-07 10:04 AM IST] [TASK] Market Intelligence scan starting...
[2026-04-07 10:04 AM IST] [TASK] Market update — cooldown active, skipped alert
[2026-04-07 10:04 AM IST] [TASK] Strategic insight scan...
[2026-04-07 10:04 AM IST] [TASK] Content ideation scan...
[2026-04-07 10:06 AM IST] [TASK] Market Intelligence scan starting...
[2026-04-07 10:06 AM IST] [TASK] Market update — cooldown active, skipped alert
[2026-04-07 10:06 AM IST] [TASK] Competitor watch scan...
[2026-04-07 10:08 AM IST] [TASK] Content ideation scan...
[2026-04-07 10:08 AM IST] [TASK] Market Intelligence scan starting...
[2026-04-07 10:08 AM IST] [TASK] Market update — cooldown active, skipped alert
[2026-04-07 10:10 AM IST] [TASK] Strategic insight scan...
[2026-04-07 10:10 AM IST] [TASK] Market Intelligence scan starting...
[2026-04-07 10:10 AM IST] [TASK] Market update — cooldown active, skipped alert
[2026-04-07 10:10 AM IST] [TASK] Competitor watch scan...
[2026-04-07 10:11 AM IST] [TASK] Content ideation scan...
[2026-04-07 10:13 AM IST] [TASK] Market Intelligence scan starting...
[2026-04-07 10:13 AM IST] [TASK] Market update — cooldown active, skipped alert
[2026-04-07 10:14 AM IST] [TASK] Content ideation scan...
[2026-04-07 10:15 AM IST] [TASK] Market Intelligence scan starting...
[2026-04-07 10:15 AM IST] [TASK] Market update — cooldown active, skipped alert
[2026-04-07 10:15 AM IST] [TASK] Competitor watch scan...
[2026-04-07 10:16 AM IST] [TASK] Strategic insight scan...
[2026-04-07 10:17 AM IST] [TASK] Market Intelligence scan starting...
[2026-04-07 10:17 AM IST] [TASK] Market update — cooldown active, skipped alert
[2026-04-07 10:18 AM IST] [TASK] Content ideation scan...
[2026-04-07 10:19 AM IST] [TASK] Market Intelligence scan starting...
[2026-04-07 10:19 AM IST] [TASK] Market update — cooldown active, skipped alert
[2026-04-07 10:19 AM IST] [TASK] Competitor watch scan...
[2026-04-07 10:21 AM IST] [TASK] Content ideation scan...
[2026-04-07 10:21 AM IST] [TASK] Market Intelligence scan starting...
[2026-04-07 10:21 AM IST] [TASK] Market update — cooldown active, skipped alert
[2026-04-07 10:22 AM IST] [TASK] Strategic insight scan...
[2026-04-07 10:24 AM IST] [TASK] Market Intelligence scan starting...
[2026-04-07 10:24 AM IST] [TASK] Market update — cooldown active, skipped alert
[2026-04-07 10:24 AM IST] [TASK] Competitor watch scan...
[2026-04-07 10:24 AM IST] [TASK] Content ideation scan...
[2026-04-07 10:26 AM IST] [TASK] Market Intelligence scan starting...
[2026-04-07 10:26 AM IST] [TASK] Market update — cooldown active, skipped alert
[2026-04-07 10:27 AM IST] [TASK] Content ideation scan...
[2026-04-07 10:28 AM IST] [TASK] Market Intelligence scan starting...
[2026-04-07 10:28 AM IST] [TASK] Market update — cooldown active, skipped alert
[2026-04-07 10:28 AM IST] [TASK] Competitor watch scan...
[2026-04-07 10:28 AM IST] [TASK] Strategic insight scan...
