[2026-04-06 05:30 AM IST] [ALERT] Competitor alert sent
[2026-04-06 05:30 AM IST] [TASK] Content ideation scan...
[2026-04-06 05:30 AM IST] [ALERT] Content idea sent
[2026-04-06 05:31 AM IST] [TASK] Market Intelligence scan starting...
[2026-04-06 05:31 AM IST] [ALERT] Market intelligence alert sent
[2026-04-06 05:32 AM IST] [TASK] Strategic insight scan...
[2026-04-06 05:32 AM IST] [ALERT] Business insight sent
[2026-04-06 05:33 AM IST] [TASK] Market Intelligence scan starting...
[2026-04-06 05:33 AM IST] [TASK] Market update — cooldown active, skipped alert
[2026-04-06 05:33 AM IST] [TASK] Content ideation scan...
[2026-04-06 05:34 AM IST] [TASK] Competitor watch scan...
[2026-04-06 05:36 AM IST] [TASK] Market Intelligence scan starting...
[2026-04-06 05:36 AM IST] [TASK] Market update — cooldown active, skipped alert
[2026-04-06 05:37 AM IST] [TASK] Content ideation scan...
[2026-04-06 05:38 AM IST] [TASK] Market Intelligence scan starting...
[2026-04-06 05:38 AM IST] [TASK] Market update — cooldown active, skipped alert
[2026-04-06 05:38 AM IST] [TASK] Competitor watch scan...
[2026-04-06 05:38 AM IST] [TASK] Strategic insight scan...
[2026-04-06 05:40 AM IST] [TASK] Market Intelligence scan starting...
[2026-04-06 05:40 AM IST] [TASK] Market update — cooldown active, skipped alert
[2026-04-06 05:40 AM IST] [TASK] Content ideation scan...
[2026-04-06 05:42 AM IST] [TASK] Market Intelligence scan starting...
[2026-04-06 05:42 AM IST] [TASK] Market update — cooldown active, skipped alert
[2026-04-06 05:43 AM IST] [TASK] Competitor watch scan...
[2026-04-06 05:43 AM IST] [TASK] Content ideation scan...
[2026-04-06 05:44 AM IST] [TASK] Market Intelligence scan starting...
[2026-04-06 05:44 AM IST] [TASK] Market update — cooldown active, skipped alert
[2026-04-06 05:44 AM IST] [TASK] Strategic insight scan...
[2026-04-06 05:46 AM IST] [TASK] Market Intelligence scan starting...
[2026-04-06 05:47 AM IST] [TASK] Market update — cooldown active, skipped alert
[2026-04-06 05:47 AM IST] [TASK] Content ideation scan...
[2026-04-06 05:47 AM IST] [TASK] Competitor watch scan...
[2026-04-06 05:49 AM IST] [TASK] Market Intelligence scan starting...
[2026-04-06 05:49 AM IST] [TASK] Market update — cooldown active, skipped alert
[2026-04-06 05:50 AM IST] [TASK] Content ideation scan...
[2026-04-06 05:50 AM IST] [TASK] Strategic insight scan...
[2026-04-06 05:51 AM IST] [TASK] Market Intelligence scan starting...
[2026-04-06 05:51 AM IST] [TASK] Market update — cooldown active, skipped alert
[2026-04-06 05:52 AM IST] [TASK] Competitor watch scan...
[2026-04-06 05:53 AM IST] [TASK] Market Intelligence scan starting...
[2026-04-06 05:53 AM IST] [TASK] Market update — cooldown active, skipped alert
[2026-04-06 05:53 AM IST] [TASK] Content ideation scan...
[2026-04-06 05:55 AM IST] [TASK] Market Intelligence scan starting...
[2026-04-06 05:55 AM IST] [TASK] Market update — cooldown active, skipped alert
[2026-04-06 05:56 AM IST] [TASK] Competitor watch scan...
[2026-04-06 05:56 AM IST] [TASK] Content ideation scan...
[2026-04-06 05:56 AM IST] [TASK] Strategic insight scan...
[2026-04-06 05:58 AM IST] [TASK] Market Intelligence scan starting...
[2026-04-06 05:58 AM IST] [TASK] Market update — cooldown active, skipped alert
[2026-04-06 06:00 AM IST] [TASK] Market Intelligence scan starting...
[2026-04-06 06:00 AM IST] [TASK] Market update — cooldown active, skipped alert
[2026-04-06 06:00 AM IST] [TASK] Content ideation scan...
[2026-04-06 06:00 AM IST] [TASK] Competitor watch scan...
[2026-04-06 06:02 AM IST] [TASK] Market Intelligence scan starting...
[2026-04-06 06:02 AM IST] [TASK] Market update — cooldown active, skipped alert
[2026-04-06 06:02 AM IST] [TASK] Strategic insight scan...
[2026-04-06 06:03 AM IST] [TASK] Content ideation scan...
[2026-04-06 06:04 AM IST] [TASK] Market Intelligence scan starting...
[2026-04-06 06:04 AM IST] [TASK] Market update — cooldown active, skipped alert
[2026-04-06 06:05 AM IST] [TASK] Competitor watch scan...
[2026-04-06 06:06 AM IST] [TASK] Market Intelligence scan starting...
[2026-04-06 06:06 AM IST] [TASK] Market update — cooldown active, skipped alert
[2026-04-06 06:06 AM IST] [TASK] Content ideation scan...
[2026-04-06 06:08 AM IST] [TASK] Market Intelligence scan starting...
[2026-04-06 06:09 AM IST] [TASK] Market update — cooldown active, skipped alert
[2026-04-06 06:09 AM IST] [TASK] Competitor watch scan...
[2026-04-06 06:09 AM IST] [TASK] Strategic insight scan...
[2026-04-06 06:10 AM IST] [TASK] Content ideation scan...
[2026-04-06 06:11 AM IST] [TASK] Market Intelligence scan starting...
[2026-04-06 06:11 AM IST] [TASK] Market update — cooldown active, skipped alert
[2026-04-06 06:13 AM IST] [TASK] Market Intelligence scan starting...
[2026-04-06 06:13 AM IST] [TASK] Market update — cooldown active, skipped alert
[2026-04-06 06:13 AM IST] [TASK] Content ideation scan...
[2026-04-06 06:13 AM IST] [TASK] Competitor watch scan...
[2026-04-06 06:15 AM IST] [TASK] Market Intelligence scan starting...
[2026-04-06 06:15 AM IST] [TASK] Market update — cooldown active, skipped alert
[2026-04-06 06:15 AM IST] [TASK] Strategic insight scan...
[2026-04-06 06:16 AM IST] [TASK] Content ideation scan...
[2026-04-06 06:17 AM IST] [TASK] Market Intelligence scan starting...
[2026-04-06 06:17 AM IST] [TASK] Market update — cooldown active, skipped alert
[2026-04-06 06:18 AM IST] [TASK] Competitor watch scan...
[2026-04-06 06:20 AM IST] [TASK] Market Intelligence scan starting...
[2026-04-06 06:20 AM IST] [TASK] Market update — cooldown active, skipped alert
[2026-04-06 06:20 AM IST] [TASK] Content ideation scan...
[2026-04-06 06:21 AM IST] [TASK] Strategic insight scan...
[2026-04-06 06:22 AM IST] [TASK] Market Intelligence scan starting...
[2026-04-06 06:22 AM IST] [TASK] Market update — cooldown active, skipped alert
[2026-04-06 06:22 AM IST] [TASK] Competitor watch scan...
[2026-04-06 06:23 AM IST] [TASK] Content ideation scan...
[2026-04-06 06:24 AM IST] [TASK] Market Intelligence scan starting...
[2026-04-06 06:24 AM IST] [TASK] Market update — cooldown active, skipped alert
[2026-04-06 06:26 AM IST] [TASK] Market Intelligence scan starting...
[2026-04-06 06:26 AM IST] [TASK] Market update — cooldown active, skipped alert
[2026-04-06 06:26 AM IST] [TASK] Content ideation scan...
[2026-04-06 06:27 AM IST] [TASK] Competitor watch scan...
[2026-04-06 06:27 AM IST] [TASK] Strategic insight scan...
[2026-04-06 06:28 AM IST] [TASK] Market Intelligence scan starting...
[2026-04-06 06:29 AM IST] [TASK] Market update — cooldown active, skipped alert
[2026-04-06 06:30 AM IST] [TASK] Content ideation scan...
[2026-04-06 06:31 AM IST] [TASK] Market Intelligence scan starting...
[2026-04-06 06:31 AM IST] [ALERT] Market intelligence alert sent
[2026-04-06 06:31 AM IST] [TASK] Competitor watch scan...
[2026-04-06 06:31 AM IST] [ALERT] Competitor alert sent
[2026-04-06 06:33 AM IST] [TASK] Market Intelligence scan starting...
[2026-04-06 06:33 AM IST] [TASK] Market update — cooldown active, skipped alert
[2026-04-06 06:33 AM IST] [TASK] Content ideation scan...
[2026-04-06 06:33 AM IST] [TASK] Strategic insight scan...
[2026-04-06 06:35 AM IST] [TASK] Market Intelligence scan starting...
[2026-04-06 06:35 AM IST] [TASK] Market update — cooldown active, skipped alert
[2026-04-06 06:36 AM IST] [TASK] Competitor watch scan...
[2026-04-06 06:36 AM IST] [TASK] Content ideation scan...
[2026-04-06 06:37 AM IST] [TASK] Market Intelligence scan starting...
[2026-04-06 06:37 AM IST] [TASK] Market update — cooldown active, skipped alert
[2026-04-06 06:39 AM IST] [TASK] Market Intelligence scan starting...
[2026-04-06 06:39 AM IST] [TASK] Market update — cooldown active, skipped alert
[2026-04-06 06:39 AM IST] [TASK] Content ideation scan...
