[2026-04-08 05:30 AM IST] [ALERT] Market intelligence alert sent
[2026-04-08 05:30 AM IST] [TASK] Competitor watch scan...
[2026-04-08 05:30 AM IST] [ALERT] Competitor alert sent
[2026-04-08 05:31 AM IST] [TASK] Content ideation scan...
[2026-04-08 05:31 AM IST] [ALERT] Content idea sent
[2026-04-08 05:32 AM IST] [TASK] Market Intelligence scan starting...
[2026-04-08 05:32 AM IST] [TASK] Market update — cooldown active, skipped alert
[2026-04-08 05:34 AM IST] [TASK] Market Intelligence scan starting...
[2026-04-08 05:34 AM IST] [TASK] Market update — cooldown active, skipped alert
[2026-04-08 05:34 AM IST] [TASK] Competitor watch scan...
[2026-04-08 05:34 AM IST] [TASK] Content ideation scan...
[2026-04-08 05:35 AM IST] [TASK] Strategic insight scan...
[2026-04-08 05:35 AM IST] [ALERT] Business insight sent
[2026-04-08 05:36 AM IST] [TASK] Market Intelligence scan starting...
[2026-04-08 05:36 AM IST] [TASK] Market update — cooldown active, skipped alert
[2026-04-08 05:38 AM IST] [TASK] Content ideation scan...
[2026-04-08 05:38 AM IST] [TASK] Market Intelligence scan starting...
[2026-04-08 05:38 AM IST] [TASK] Market update — cooldown active, skipped alert
[2026-04-08 05:38 AM IST] [TASK] Competitor watch scan...
[2026-04-08 05:40 AM IST] [TASK] Market Intelligence scan starting...
[2026-04-08 05:41 AM IST] [TASK] Market update — cooldown active, skipped alert
[2026-04-08 05:41 AM IST] [TASK] Content ideation scan...
[2026-04-08 05:41 AM IST] [TASK] Strategic insight scan...
[2026-04-08 05:43 AM IST] [TASK] Market Intelligence scan starting...
[2026-04-08 05:43 AM IST] [TASK] Market update — cooldown active, skipped alert
[2026-04-08 05:43 AM IST] [TASK] Competitor watch scan...
[2026-04-08 05:44 AM IST] [TASK] Content ideation scan...
[2026-04-08 05:45 AM IST] [TASK] Market Intelligence scan starting...
[2026-04-08 05:45 AM IST] [TASK] Market update — cooldown active, skipped alert
[2026-04-08 05:47 AM IST] [TASK] Market Intelligence scan starting...
[2026-04-08 05:47 AM IST] [TASK] Market update — cooldown active, skipped alert
[2026-04-08 05:47 AM IST] [TASK] Competitor watch scan...
[2026-04-08 05:48 AM IST] [TASK] Content ideation scan...
[2026-04-08 05:48 AM IST] [TASK] Strategic insight scan...
[2026-04-08 05:49 AM IST] [TASK] Market Intelligence scan starting...
[2026-04-08 05:49 AM IST] [TASK] Market update — cooldown active, skipped alert
[2026-04-08 05:51 AM IST] [TASK] Content ideation scan...
[2026-04-08 05:51 AM IST] [TASK] Market Intelligence scan starting...
[2026-04-08 05:52 AM IST] [TASK] Market update — cooldown active, skipped alert
[2026-04-08 05:52 AM IST] [TASK] Competitor watch scan...
[2026-04-08 05:54 AM IST] [TASK] Market Intelligence scan starting...
[2026-04-08 05:54 AM IST] [TASK] Market update — cooldown active, skipped alert
[2026-04-08 05:54 AM IST] [TASK] Content ideation scan...
[2026-04-08 05:54 AM IST] [TASK] Strategic insight scan...
[2026-04-08 05:56 AM IST] [TASK] Market Intelligence scan starting...
[2026-04-08 05:56 AM IST] [TASK] Market update — cooldown active, skipped alert
[2026-04-08 05:56 AM IST] [TASK] Competitor watch scan...
[2026-04-08 05:58 AM IST] [TASK] Content ideation scan...
[2026-04-08 05:58 AM IST] [TASK] Market Intelligence scan starting...
[2026-04-08 05:58 AM IST] [TASK] Market update — cooldown active, skipped alert
[2026-04-08 06:00 AM IST] [TASK] Market Intelligence scan starting...
[2026-04-08 06:00 AM IST] [TASK] Market update — cooldown active, skipped alert
[2026-04-08 06:00 AM IST] [TASK] Competitor watch scan...
[2026-04-08 06:01 AM IST] [TASK] Content ideation scan...
[2026-04-08 06:01 AM IST] [TASK] Strategic insight scan...
[2026-04-08 06:03 AM IST] [TASK] Market Intelligence scan starting...
[2026-04-08 06:03 AM IST] [TASK] Market update — cooldown active, skipped alert
[2026-04-08 06:04 AM IST] [TASK] Content ideation scan...
[2026-04-08 06:05 AM IST] [TASK] Market Intelligence scan starting...
[2026-04-08 06:05 AM IST] [TASK] Market update — cooldown active, skipped alert
[2026-04-08 06:05 AM IST] [TASK] Competitor watch scan...
[2026-04-08 06:07 AM IST] [TASK] Market Intelligence scan starting...
[2026-04-08 06:07 AM IST] [TASK] Market update — cooldown active, skipped alert
[2026-04-08 06:07 AM IST] [TASK] Strategic insight scan...
[2026-04-08 06:08 AM IST] [TASK] Content ideation scan...
[2026-04-08 06:09 AM IST] [TASK] Market Intelligence scan starting...
[2026-04-08 06:09 AM IST] [TASK] Market update — cooldown active, skipped alert
[2026-04-08 06:09 AM IST] [TASK] Competitor watch scan...
[2026-04-08 06:11 AM IST] [TASK] Content ideation scan...
[2026-04-08 06:11 AM IST] [TASK] Market Intelligence scan starting...
[2026-04-08 06:12 AM IST] [TASK] Market update — cooldown active, skipped alert
[2026-04-08 06:13 AM IST] [TASK] Strategic insight scan...
[2026-04-08 06:14 AM IST] [TASK] Market Intelligence scan starting...
[2026-04-08 06:14 AM IST] [TASK] Market update — cooldown active, skipped alert
[2026-04-08 06:14 AM IST] [TASK] Competitor watch scan...
[2026-04-08 06:14 AM IST] [TASK] Content ideation scan...
[2026-04-08 06:16 AM IST] [TASK] Market Intelligence scan starting...
[2026-04-08 06:16 AM IST] [TASK] Market update — cooldown active, skipped alert
[2026-04-08 06:17 AM IST] [TASK] Content ideation scan...
[2026-04-08 06:18 AM IST] [TASK] Market Intelligence scan starting...
[2026-04-08 06:18 AM IST] [TASK] Market update — cooldown active, skipped alert
[2026-04-08 06:18 AM IST] [TASK] Competitor watch scan...
[2026-04-08 06:19 AM IST] [TASK] Strategic insight scan...
[2026-04-08 06:20 AM IST] [TASK] Market Intelligence scan starting...
[2026-04-08 06:20 AM IST] [TASK] Market update — cooldown active, skipped alert
[2026-04-08 06:21 AM IST] [TASK] Content ideation scan...
[2026-04-08 06:22 AM IST] [TASK] Market Intelligence scan starting...
[2026-04-08 06:23 AM IST] [TASK] Market update — cooldown active, skipped alert
[2026-04-08 06:23 AM IST] [TASK] Competitor watch scan...
[2026-04-08 06:24 AM IST] [TASK] Content ideation scan...
[2026-04-08 06:25 AM IST] [TASK] Market Intelligence scan starting...
[2026-04-08 06:25 AM IST] [TASK] Market update — cooldown active, skipped alert
[2026-04-08 06:25 AM IST] [TASK] Strategic insight scan...
[2026-04-08 06:27 AM IST] [TASK] Market Intelligence scan starting...
[2026-04-08 06:27 AM IST] [TASK] Market update — cooldown active, skipped alert
[2026-04-08 06:27 AM IST] [TASK] Competitor watch scan...
[2026-04-08 06:28 AM IST] [TASK] Content ideation scan...
[2026-04-08 06:29 AM IST] [TASK] Market Intelligence scan starting...
[2026-04-08 06:29 AM IST] [TASK] Market update — cooldown active, skipped alert
